// Jest Snapshot v1, https://goo.gl/fbAQLP

exports[`AlgebraFactory #createPool gas [ @skip-on-coverage ] 1`] = `4790337`;

exports[`AlgebraFactory #createPool gas for second pool [ @skip-on-coverage ] 1`] = `4790337`;

exports[`AlgebraFactory factory bytecode size  [ @skip-on-coverage ] 1`] = `8563`;

exports[`AlgebraFactory pool bytecode size  [ @skip-on-coverage ] 1`] = `22827`;
