// Jest Snapshot v1, https://goo.gl/fbAQLP

exports[`AlgebraPool gas tests [ @skip-on-coverage ] #setFee by owner 1`] = `35403`;

exports[`AlgebraPool gas tests [ @skip-on-coverage ] #setFee by plugin 1`] = `29954`;

exports[`AlgebraPool gas tests [ @skip-on-coverage ] fee is off #burn above current price burn entire position after some time passes 1`] = `115335`;

exports[`AlgebraPool gas tests [ @skip-on-coverage ] fee is off #burn above current price burn when only position using ticks 1`] = `115335`;

exports[`AlgebraPool gas tests [ @skip-on-coverage ] fee is off #burn above current price entire position burn but other positions are using the ticks 1`] = `108694`;

exports[`AlgebraPool gas tests [ @skip-on-coverage ] fee is off #burn above current price partial position burn 1`] = `113494`;

exports[`AlgebraPool gas tests [ @skip-on-coverage ] fee is off #burn around current price burn entire position after some time passes 1`] = `125214`;

exports[`AlgebraPool gas tests [ @skip-on-coverage ] fee is off #burn around current price burn when only position using ticks 1`] = `125214`;

exports[`AlgebraPool gas tests [ @skip-on-coverage ] fee is off #burn around current price entire position burn but other positions are using the ticks 1`] = `113102`;

exports[`AlgebraPool gas tests [ @skip-on-coverage ] fee is off #burn around current price partial position burn 1`] = `117902`;

exports[`AlgebraPool gas tests [ @skip-on-coverage ] fee is off #burn below current price burn entire position after some time passes 1`] = `124772`;

exports[`AlgebraPool gas tests [ @skip-on-coverage ] fee is off #burn below current price burn when only position using ticks 1`] = `124772`;

exports[`AlgebraPool gas tests [ @skip-on-coverage ] fee is off #burn below current price entire position burn but other positions are using the ticks 1`] = `109356`;

exports[`AlgebraPool gas tests [ @skip-on-coverage ] fee is off #burn below current price partial position burn 1`] = `114156`;

exports[`AlgebraPool gas tests [ @skip-on-coverage ] fee is off #collect close to worst case 1`] = `52547`;

exports[`AlgebraPool gas tests [ @skip-on-coverage ] fee is off #collect close to worst case, two tokens 1`] = `70314`;

exports[`AlgebraPool gas tests [ @skip-on-coverage ] fee is off #mint above current price add to position after some time passes 1`] = `126330`;

exports[`AlgebraPool gas tests [ @skip-on-coverage ] fee is off #mint above current price add to position existing 1`] = `126330`;

exports[`AlgebraPool gas tests [ @skip-on-coverage ] fee is off #mint above current price new position mint first in range 1`] = `280193`;

exports[`AlgebraPool gas tests [ @skip-on-coverage ] fee is off #mint above current price second position in same range 1`] = `143430`;

exports[`AlgebraPool gas tests [ @skip-on-coverage ] fee is off #mint around current price add to position after some time passes 1`] = `151483`;

exports[`AlgebraPool gas tests [ @skip-on-coverage ] fee is off #mint around current price add to position existing 1`] = `151483`;

exports[`AlgebraPool gas tests [ @skip-on-coverage ] fee is off #mint around current price new position mint first in range 1`] = `358391`;

exports[`AlgebraPool gas tests [ @skip-on-coverage ] fee is off #mint around current price second position in same range 1`] = `168583`;

exports[`AlgebraPool gas tests [ @skip-on-coverage ] fee is off #mint below current price add to position after some time passes 1`] = `126899`;

exports[`AlgebraPool gas tests [ @skip-on-coverage ] fee is off #mint below current price add to position existing 1`] = `126899`;

exports[`AlgebraPool gas tests [ @skip-on-coverage ] fee is off #mint below current price new position mint first in range 1`] = `354539`;

exports[`AlgebraPool gas tests [ @skip-on-coverage ] fee is off #mint below current price second position in same range 1`] = `143999`;

exports[`AlgebraPool gas tests [ @skip-on-coverage ] fee is off #poke best case 1`] = `61548`;

exports[`AlgebraPool gas tests [ @skip-on-coverage ] fee is off #swapExact0For1 first swap in block moves tick, no initialized crossings 1`] = `102780`;

exports[`AlgebraPool gas tests [ @skip-on-coverage ] fee is off #swapExact0For1 first swap in block with no tick movement 1`] = `102749`;

exports[`AlgebraPool gas tests [ @skip-on-coverage ] fee is off #swapExact0For1 first swap in block, large swap crossing a single initialized tick 1`] = `118473`;

exports[`AlgebraPool gas tests [ @skip-on-coverage ] fee is off #swapExact0For1 first swap in block, large swap crossing several initialized ticks 1`] = `151831`;

exports[`AlgebraPool gas tests [ @skip-on-coverage ] fee is off #swapExact0For1 first swap in block, large swap, no initialized crossings 1`] = `102918`;

exports[`AlgebraPool gas tests [ @skip-on-coverage ] fee is off #swapExact0For1 large swap crossing several initialized ticks after some time passes 1`] = `151831`;

exports[`AlgebraPool gas tests [ @skip-on-coverage ] fee is off #swapExact0For1 large swap crossing several initialized ticks second time after some time passes 1`] = `171031`;

exports[`AlgebraPool gas tests [ @skip-on-coverage ] fee is off #swapExact0For1 second swap in block moves tick, no initialized crossings 1`] = `102780`;

exports[`AlgebraPool gas tests [ @skip-on-coverage ] fee is off #swapExact0For1 second swap in block with no tick movement 1`] = `102744`;

exports[`AlgebraPool gas tests [ @skip-on-coverage ] fee is off #swapExact0For1 second swap in block, large swap crossing a single initialized tick 1`] = `119297`;

exports[`AlgebraPool gas tests [ @skip-on-coverage ] fee is off #swapExact0For1 second swap in block, large swap crossing several initialized ticks 1`] = `152682`;

exports[`AlgebraPool gas tests [ @skip-on-coverage ] fee is off #swapExact0For1 several large swaps with pauses 1`] = `171031`;

exports[`AlgebraPool gas tests [ @skip-on-coverage ] fee is off #swapExact0For1 small swap after several large swaps with pauses 1`] = `102618`;

exports[`AlgebraPool gas tests [ @skip-on-coverage ] fee is off #swapExact0For1 small swap with filled dataStorage 1`] = `102614`;

exports[`AlgebraPool gas tests [ @skip-on-coverage ] fee is off #swapExact1For0 first swap in block moves tick, no initialized crossings 1`] = `102841`;

exports[`AlgebraPool gas tests [ @skip-on-coverage ] fee is off #swapExact1For0 first swap in block with no tick movement 1`] = `102789`;

exports[`AlgebraPool gas tests [ @skip-on-coverage ] fee is off #swapExact1For0 second swap in block with no tick movement 1`] = `102805`;

exports[`AlgebraPool gas tests [ @skip-on-coverage ] fee is on #burn above current price burn entire position after some time passes 1`] = `115335`;

exports[`AlgebraPool gas tests [ @skip-on-coverage ] fee is on #burn above current price burn when only position using ticks 1`] = `115335`;

exports[`AlgebraPool gas tests [ @skip-on-coverage ] fee is on #burn above current price entire position burn but other positions are using the ticks 1`] = `108694`;

exports[`AlgebraPool gas tests [ @skip-on-coverage ] fee is on #burn above current price partial position burn 1`] = `113494`;

exports[`AlgebraPool gas tests [ @skip-on-coverage ] fee is on #burn around current price burn entire position after some time passes 1`] = `125214`;

exports[`AlgebraPool gas tests [ @skip-on-coverage ] fee is on #burn around current price burn when only position using ticks 1`] = `125214`;

exports[`AlgebraPool gas tests [ @skip-on-coverage ] fee is on #burn around current price entire position burn but other positions are using the ticks 1`] = `113102`;

exports[`AlgebraPool gas tests [ @skip-on-coverage ] fee is on #burn around current price partial position burn 1`] = `117902`;

exports[`AlgebraPool gas tests [ @skip-on-coverage ] fee is on #burn below current price burn entire position after some time passes 1`] = `124772`;

exports[`AlgebraPool gas tests [ @skip-on-coverage ] fee is on #burn below current price burn when only position using ticks 1`] = `124772`;

exports[`AlgebraPool gas tests [ @skip-on-coverage ] fee is on #burn below current price entire position burn but other positions are using the ticks 1`] = `109356`;

exports[`AlgebraPool gas tests [ @skip-on-coverage ] fee is on #burn below current price partial position burn 1`] = `114156`;

exports[`AlgebraPool gas tests [ @skip-on-coverage ] fee is on #collect close to worst case 1`] = `52547`;

exports[`AlgebraPool gas tests [ @skip-on-coverage ] fee is on #collect close to worst case, two tokens 1`] = `70314`;

exports[`AlgebraPool gas tests [ @skip-on-coverage ] fee is on #mint above current price add to position after some time passes 1`] = `126330`;

exports[`AlgebraPool gas tests [ @skip-on-coverage ] fee is on #mint above current price add to position existing 1`] = `126330`;

exports[`AlgebraPool gas tests [ @skip-on-coverage ] fee is on #mint above current price new position mint first in range 1`] = `280193`;

exports[`AlgebraPool gas tests [ @skip-on-coverage ] fee is on #mint above current price second position in same range 1`] = `143430`;

exports[`AlgebraPool gas tests [ @skip-on-coverage ] fee is on #mint around current price add to position after some time passes 1`] = `151483`;

exports[`AlgebraPool gas tests [ @skip-on-coverage ] fee is on #mint around current price add to position existing 1`] = `151483`;

exports[`AlgebraPool gas tests [ @skip-on-coverage ] fee is on #mint around current price new position mint first in range 1`] = `358391`;

exports[`AlgebraPool gas tests [ @skip-on-coverage ] fee is on #mint around current price second position in same range 1`] = `168583`;

exports[`AlgebraPool gas tests [ @skip-on-coverage ] fee is on #mint below current price add to position after some time passes 1`] = `126899`;

exports[`AlgebraPool gas tests [ @skip-on-coverage ] fee is on #mint below current price add to position existing 1`] = `126899`;

exports[`AlgebraPool gas tests [ @skip-on-coverage ] fee is on #mint below current price new position mint first in range 1`] = `354539`;

exports[`AlgebraPool gas tests [ @skip-on-coverage ] fee is on #mint below current price second position in same range 1`] = `143999`;

exports[`AlgebraPool gas tests [ @skip-on-coverage ] fee is on #poke best case 1`] = `61548`;

exports[`AlgebraPool gas tests [ @skip-on-coverage ] fee is on #swapExact0For1 first swap in block moves tick, no initialized crossings 1`] = `110603`;

exports[`AlgebraPool gas tests [ @skip-on-coverage ] fee is on #swapExact0For1 first swap in block with no tick movement 1`] = `102986`;

exports[`AlgebraPool gas tests [ @skip-on-coverage ] fee is on #swapExact0For1 first swap in block, large swap crossing a single initialized tick 1`] = `126533`;

exports[`AlgebraPool gas tests [ @skip-on-coverage ] fee is on #swapExact0For1 first swap in block, large swap crossing several initialized ticks 1`] = `160602`;

exports[`AlgebraPool gas tests [ @skip-on-coverage ] fee is on #swapExact0For1 first swap in block, large swap, no initialized crossings 1`] = `110741`;

exports[`AlgebraPool gas tests [ @skip-on-coverage ] fee is on #swapExact0For1 large swap crossing several initialized ticks after some time passes 1`] = `160602`;

exports[`AlgebraPool gas tests [ @skip-on-coverage ] fee is on #swapExact0For1 large swap crossing several initialized ticks second time after some time passes 1`] = `179802`;

exports[`AlgebraPool gas tests [ @skip-on-coverage ] fee is on #swapExact0For1 second swap in block moves tick, no initialized crossings 1`] = `110603`;

exports[`AlgebraPool gas tests [ @skip-on-coverage ] fee is on #swapExact0For1 second swap in block with no tick movement 1`] = `102981`;

exports[`AlgebraPool gas tests [ @skip-on-coverage ] fee is on #swapExact0For1 second swap in block, large swap crossing a single initialized tick 1`] = `127357`;

exports[`AlgebraPool gas tests [ @skip-on-coverage ] fee is on #swapExact0For1 second swap in block, large swap crossing several initialized ticks 1`] = `161453`;

exports[`AlgebraPool gas tests [ @skip-on-coverage ] fee is on #swapExact0For1 several large swaps with pauses 1`] = `179802`;

exports[`AlgebraPool gas tests [ @skip-on-coverage ] fee is on #swapExact0For1 small swap after several large swaps with pauses 1`] = `102855`;

exports[`AlgebraPool gas tests [ @skip-on-coverage ] fee is on #swapExact0For1 small swap with filled dataStorage 1`] = `102851`;

exports[`AlgebraPool gas tests [ @skip-on-coverage ] fee is on #swapExact1For0 first swap in block moves tick, no initialized crossings 1`] = `110664`;

exports[`AlgebraPool gas tests [ @skip-on-coverage ] fee is on #swapExact1For0 first swap in block with no tick movement 1`] = `103026`;

exports[`AlgebraPool gas tests [ @skip-on-coverage ] fee is on #swapExact1For0 second swap in block with no tick movement 1`] = `103042`;
