// Jest Snapshot v1, https://goo.gl/fbAQLP

exports[`Multicall gas cost of pay w/ multicall [ @skip-on-coverage ] 1`] = `45894`;

exports[`Multicall gas cost of pay w/o multicall [ @skip-on-coverage ] 1`] = `43449`;
