// Jest Snapshot v1, https://goo.gl/fbAQLP

exports[`PeripheryImmutableState bytecode size [ @skip-on-coverage ] 1`] = `233`;
