// Jest Snapshot v1, https://goo.gl/fbAQLP

exports[`PositionValue #fees when price is above the position range gas 1`] = `48416`;

exports[`PositionValue #fees when price is below the position range gas 1`] = `48482`;

exports[`PositionValue #fees when price is within the position range gas 1`] = `53897`;

exports[`PositionValue #principal gas 1`] = `23152`;

exports[`PositionValue #total gas 1`] = `56988`;
