// Jest Snapshot v1, https://goo.gl/fbAQLP

exports[`SwapRouter bytecode size [ @skip-on-coverage ] 1`] = `12378`;
