// Jest Snapshot v1, https://goo.gl/fbAQLP

exports[`V3Migrator #migrate gas [ @skip-on-coverage ] 1`] = `746814`;
